
Running 1 test using 1 worker

Starting Auth Flow Test...
BROWSER LOG: %cDownload the React DevTools for a better development experience: https://react.dev/link/react-devtools font-weight:bold
BROWSER LOG: [DOM] Input elements should have autocomplete attributes (suggested: "new-password"): (More info: https://www.chromium.org/developers/design-documents/create-amazing-password-forms) %o
BROWSER LOG: [DOM] Input elements should have autocomplete attributes (suggested: "new-password"): (More info: https://www.chromium.org/developers/design-documents/create-amazing-password-forms) %o
BROWSER LOG: [HMR] connected
Navigated to Register Page
PASSED: Mismatched password validation
BROWSER LOG: Starting registration process...
BROWSER LOG: [2026-02-01T16:15:48.307Z]  @firebase/analytics: The measurement ID in the local Firebase config (G-72WD42WJZ7) does not match the measurement ID fetched from the server (G-817L24FS5T). To ensure analytics events are always sent to the correct Analytics property, update the measurement ID field in the local config or remove it from the local config.
BROWSER LOG: User created in Auth: NJtvbwNtHAYYv0Usz4hr0U2E1tm1
REQUEST FAILED: https://www.google-analytics.com/g/collect?v=2&tid=G-817L24FS5T&gtm=45je61r1v9240294817za200zd9240294817&_p=1769962548308&gcd=13l3l3l3l1l1&npa=0&dma=0&_fid=c334FZCfhNMjTWmP58Mh9n&cid=295626543.1769962553&ul=en-us&sr=1280x720&uaa=x86&uab=64&uafvl=Not(A%253ABrand%3B8.0.0.0%7CChromium%3B144.0.7559.110%7CMicrosoft%2520Edge%3B144.0.3719.104&uamb=0&uam=&uap=Windows&uapv=19.0.0&uaw=0&are=1&frm=0&pscdl=noapi&_s=1&tag_exp=103116026~103200004~104527906~104528501~104684208~104684211~115938466~115938469~116185181~116185182~116988316~117041588&sid=1769962552&sct=1&seg=0&dl=http%3A%2F%2Flocalhost%2Fregister&dt=JobLink%20-%20Find%20Your%20Next%20Supergig&en=page_view&_fv=1&_nsi=1&_ss=1&_ee=1&ep.origin=firebase&tfd=6404 net::ERR_ABORTED
REQUEST FAILED: https://firestore.googleapis.com/google.firestore.v1.Firestore/Listen/channel?gsessionid=z1waw7vVPgBYMX0HLAkddMypx_xULW7Y2CPiiy6gPIbbaCx4pM_vhw&VER=8&database=projects%2Fsupergig-platform-dev%2Fdatabases%2F(default)&RID=rpc&SID=vB02ceXlMGlFskQQEdPmLg&AID=0&CI=1&TYPE=xmlhttp&zx=q1s5lse9s111&t=1 net::ERR_ABORTED
BROWSER LOG: Error fetching user role: FirebaseError: Missing or insufficient permissions.
BROWSER LOG: Registration error: FirebaseError: Missing or insufficient permissions.
REQUEST FAILED: https://firestore.googleapis.com/google.firestore.v1.Firestore/Write/channel?gsessionid=z9pjP-AUBEmFrPahNfmZB5X_1D-tARK3M9H3Qmsiq4iK75lDmXCosA&VER=8&database=projects%2Fsupergig-platform-dev%2Fdatabases%2F(default)&RID=rpc&SID=It0nxXt-9GgNHdkGpVOb-Q&AID=1&CI=1&TYPE=xmlhttp&zx=8o604u5wb9mz&t=1 net::ERR_ABORTED
  Γ£ÿ  1 scripts\test-auth-flow.spec.ts:9:1 ΓÇ║ Validation, Registration, and Login Flow (12.5s)


  1) scripts\test-auth-flow.spec.ts:9:1 ΓÇ║ Validation, Registration, and Login Flow ΓöÇΓöÇΓöÇΓöÇΓöÇΓöÇΓöÇΓöÇΓöÇΓöÇΓöÇΓöÇΓöÇΓöÇΓöÇΓöÇΓöÇ

    TimeoutError: page.waitForURL: Timeout 10000ms exceeded.
    =========================== logs ===========================
    waiting for navigation until "load"
    ============================================================

      40 |
      41 |   // Wait for redirect to /seeker or /jobs
    > 42 |   await page.waitForURL(/\/seeker/, { timeout: 10000 });
         |              ^
      43 |   console.log("PASSED: Successful registration and redirect to /seeker");
      44 |
      45 |   // 4. Logout (if possible, or just clear cookies/context)
        at D:\Supergig\scripts\test-auth-flow.spec.ts:42:14

    Error Context: test-results\scripts-test-auth-flow-Val-aeff0-Registration-and-Login-Flow\error-context.md

  1 failed
    scripts\test-auth-flow.spec.ts:9:1 ΓÇ║ Validation, Registration, and Login Flow ΓöÇΓöÇΓöÇΓöÇΓöÇΓöÇΓöÇΓöÇΓöÇΓöÇΓöÇΓöÇΓöÇΓöÇΓöÇΓöÇΓöÇΓöÇ
